[backblue.gif]
[fade.gif]
[index.html]
[192.168.1.16/lab/indexd784.html]
[192.168.1.16/lab/indexa6da.html]
[192.168.1.16/lab/wp-includes/js/jquery/jquery.minf43b.js]
[192.168.1.16/lab/wp-includes/js/jquery/jquery-migrate.min5589.js]
[192.168.1.16/lab/wp-content/plugins/iks-menu/assets/js/publicc1d8.js]
[192.168.1.16/lab/wp-content/plugins/iks-menu/assets/js/menuc1d8.js]
[192.168.1.16/lab/wp-content/plugins/elementor/assets/lib/font-awesome/js/v4-shims.minb5c8.js]
[192.168.1.16/lab/wp-content/plugins/ele-custom-skin/assets/js/ecs_ajax_pagination20f0.js]
[192.168.1.16/lab/wp-content/plugins/ultimate-member/assets/js/um-gdpr.mind2b8.js]
[192.168.1.16/lab/wp-content/plugins/ele-custom-skin/assets/js/ecs20f0.js]
[192.168.1.16/lab/index52f0.json]
[192.168.1.16/lab/index988a.json]
[192.168.1.16/lab/xmlrpc0db0.php]
[192.168.1.16/lab/indexdef8.json]
[192.168.1.16/lab/indexa851.php]
[192.168.1.16/lab/wp-content/themes/twentytwentyfour/assets/fonts/inter/Inter-VariableFont_slnt,wght.woff2]
[192.168.1.16/lab/wp-content/themes/twentytwentyfour/assets/fonts/cardo/cardo_normal_400.woff2]
[192.168.1.16/lab/wp-content/themes/twentytwentyfour/assets/fonts/cardo/cardo_italic_400.woff2]
[192.168.1.16/lab/wp-content/themes/twentytwentyfour/assets/fonts/cardo/cardo_normal_700.woff2]
[192.168.1.16/lab/wp-content/uploads/2024/08/VACT_white_web.png]
[192.168.1.16/lab/wp-content/uploads/2024/08/cloudpoint_desktop-1.png]
[192.168.1.16/lab/wp-content/plugins/ele-custom-skin/assets/js/ecs_admin_bar_menu.js]
[192.168.1.16/lab/wp-includes/js/hoverintent-js.min77e6.js]
[192.168.1.16/lab/wp-includes/js/admin-bar.minb6a4.js]
[192.168.1.16/lab/wp-includes/js/imagesloaded.minbb93.js]
[192.168.1.16/lab/wp-content/plugins/mystickymenu/js/detectmobilebrowser6b25.js]
[192.168.1.16/lab/wp-content/plugins/mystickymenu/js/mystickymenu.min6b25.js]
[192.168.1.16/lab/wp-includes/js/underscore.mind584.js]
[192.168.1.16/lab/wp-includes/js/wp-util.minb6a4.js]
[192.168.1.16/lab/wp-includes/js/dist/hooks.min2757.js]
[192.168.1.16/lab/wp-includes/js/dist/i18n.minc33c.js]
[192.168.1.16/lab/wp-content/plugins/ultimate-member/assets/libs/tipsy/tipsy.mina677.js]
[192.168.1.16/lab/wp-content/plugins/ultimate-member/assets/libs/um-confirm/um-confirm.min5152.js]
[192.168.1.16/lab/wp-content/plugins/ultimate-member/assets/libs/pickadate/picker.min822f.js]
[192.168.1.16/lab/wp-content/plugins/ultimate-member/assets/libs/pickadate/picker.date.min822f.js]
[192.168.1.16/lab/wp-content/plugins/ultimate-member/assets/libs/pickadate/picker.time.min822f.js]
[192.168.1.16/lab/wp-content/plugins/ultimate-member/assets/libs/pickadate/translations/zh_CN.min822f.js]
[192.168.1.16/lab/wp-content/plugins/ultimate-member/assets/js/common.mind2b8.js]
[192.168.1.16/lab/wp-content/plugins/ultimate-member/assets/libs/cropper/cropper.min51a2.js]
[192.168.1.16/lab/wp-content/plugins/ultimate-member/assets/js/common-frontend.mind2b8.js]
[192.168.1.16/lab/wp-content/plugins/ultimate-member/assets/js/um-modal.mind2b8.js]
[192.168.1.16/lab/wp-content/plugins/ultimate-member/assets/libs/jquery-form/jquery-form.mind2b8.js]
[192.168.1.16/lab/wp-content/plugins/ultimate-member/assets/libs/fileupload/fileuploadd2b8.js]
[192.168.1.16/lab/wp-content/plugins/ultimate-member/assets/js/um-functions.mind2b8.js]
[192.168.1.16/lab/wp-content/plugins/ultimate-member/assets/js/um-responsive.mind2b8.js]
[192.168.1.16/lab/wp-content/plugins/ultimate-member/assets/js/um-conditional.mind2b8.js]
[192.168.1.16/lab/wp-content/plugins/ultimate-member/assets/libs/select2/select2.full.min4819.js]
[192.168.1.16/lab/wp-content/plugins/ultimate-member/assets/libs/select2/i18n/zh-CN4819.js]
[192.168.1.16/lab/wp-content/plugins/ultimate-member/assets/libs/raty/um-raty.mind315.js]
[192.168.1.16/lab/wp-content/plugins/ultimate-member/assets/js/um-scripts.mind2b8.js]
[192.168.1.16/lab/wp-content/plugins/ultimate-member/assets/js/um-profile.mind2b8.js]
[192.168.1.16/lab/wp-content/plugins/ultimate-member/assets/js/um-account.mind2b8.js]
[192.168.1.16/lab/wp-content/plugins/elementor-pro/assets/js/webpack-pro.runtime.min4d52.js]
[192.168.1.16/lab/wp-content/plugins/elementor/assets/js/webpack.runtime.minb5c8.js]
[192.168.1.16/lab/wp-content/plugins/elementor/assets/js/frontend-modules.minb5c8.js]
[192.168.1.16/lab/wp-content/plugins/elementor-pro/assets/js/frontend.min4d52.js]
[192.168.1.16/lab/wp-content/plugins/elementor/assets/lib/waypoints/waypoints.min05da.js]
[192.168.1.16/lab/wp-includes/js/jquery/ui/core.minb37e.js]
[192.168.1.16/lab/wp-content/plugins/elementor/assets/js/frontend.minb5c8.js]
[192.168.1.16/lab/wp-content/plugins/elementor-pro/assets/js/elements-handlers.min4d52.js]
[192.168.1.16/lab/index.html]
[192.168.1.16/lab/wp-includes/fonts/dashicons7d4b.eot]
[192.168.1.16/lab/wp-includes/fonts/dashicons7d4b.ttf]
[192.168.1.16/lab/wp-includes/css/dashicons.minb6a4.css]
[192.168.1.16/lab/wp-includes/css/admin-bar.minb6a4.css]
[192.168.1.16/lab/wp-content/plugins/elementor/assets/css/frontend.minb5c8.css]
[192.168.1.16/lab/wp-content/uploads/2024/08/1.png]
[192.168.1.16/lab/wp-content/uploads/elementor/css/post-170510a.css]
[192.168.1.16/lab/wp-content/plugins/elementor/assets/lib/animations/animations.minb5c8.css]
[192.168.1.16/lab/wp-content/plugins/buddypress/bp-core/css/admin-bar.minaaa1.css]
[192.168.1.16/lab/wp-content/plugins/iks-menu/assets/css/publicc1d8.css]
[192.168.1.16/lab/wp-content/plugins/elementor/assets/lib/eicons/fonts/eiconsc63f.eot]
[192.168.1.16/lab/wp-content/plugins/elementor/assets/lib/eicons/fonts/eiconsc63f.woff2]
[192.168.1.16/lab/wp-content/plugins/elementor/assets/lib/eicons/fonts/eiconsc63f.woff]
[192.168.1.16/lab/wp-content/plugins/elementor/assets/lib/eicons/fonts/eiconsc63f.ttf]
[192.168.1.16/lab/wp-content/plugins/elementor/assets/lib/eicons/css/elementor-icons.mine94d.css]
[192.168.1.16/lab/wp-content/plugins/elementor/assets/lib/swiper/v8/css/swiper.min94a4.css]
[192.168.1.16/lab/wp-content/uploads/elementor/css/post-172bf7.css]
[192.168.1.16/lab/wp-content/plugins/elementor-pro/assets/css/frontend.min4d52.css]
[192.168.1.16/lab/wp-content/plugins/elementor/assets/lib/font-awesome/webfonts/fa-brands-400.eot]
[192.168.1.16/lab/wp-content/plugins/elementor/assets/lib/font-awesome/webfonts/fa-brands-400.woff2]
[192.168.1.16/lab/wp-content/plugins/elementor/assets/lib/font-awesome/webfonts/fa-brands-400d41d.eot]
[192.168.1.16/lab/wp-content/plugins/elementor/assets/lib/font-awesome/webfonts/fa-brands-400.woff]
[192.168.1.16/lab/wp-content/plugins/elementor/assets/lib/font-awesome/webfonts/fa-brands-400.ttf]
[192.168.1.16/lab/wp-content/plugins/elementor/assets/lib/font-awesome/webfonts/fa-regular-400.eot]
[192.168.1.16/lab/wp-content/plugins/elementor/assets/lib/font-awesome/webfonts/fa-regular-400d41d.eot]
[192.168.1.16/lab/wp-content/plugins/elementor/assets/lib/font-awesome/webfonts/fa-regular-400.woff2]
[192.168.1.16/lab/wp-content/plugins/elementor/assets/lib/font-awesome/webfonts/fa-regular-400.woff]
[192.168.1.16/lab/wp-content/plugins/elementor/assets/lib/font-awesome/webfonts/fa-regular-400.ttf]
[192.168.1.16/lab/wp-content/plugins/elementor/assets/lib/font-awesome/webfonts/fa-solid-900.eot]
[192.168.1.16/lab/wp-content/plugins/elementor/assets/lib/font-awesome/webfonts/fa-solid-900.woff2]
[192.168.1.16/lab/wp-content/plugins/elementor/assets/lib/font-awesome/webfonts/fa-solid-900d41d.eot]
[192.168.1.16/lab/wp-content/plugins/elementor/assets/lib/font-awesome/webfonts/fa-solid-900.woff]
[192.168.1.16/lab/wp-content/plugins/elementor/assets/lib/font-awesome/webfonts/fa-solid-900.ttf]
[192.168.1.16/lab/wp-content/plugins/elementor/assets/lib/font-awesome/css/all.minb5c8.css]
[192.168.1.16/lab/wp-content/plugins/elementor/assets/lib/font-awesome/css/v4-shims.minb5c8.css]
[192.168.1.16/lab/wp-content/uploads/elementor/css/global4dad.css]
[192.168.1.16/lab/wp-content/plugins/ultimate-member/assets/img/loading.gif]
[192.168.1.16/lab/wp-content/plugins/ultimate-member/assets/css/um-modal.mind2b8.css]
[192.168.1.16/lab/wp-content/plugins/ultimate-member/assets/libs/jquery-ui/images/ui-icons_444444_256x240.png]
[192.168.1.16/lab/wp-content/plugins/ultimate-member/assets/libs/jquery-ui/images/ui-icons_555555_256x240.png]
[192.168.1.16/lab/wp-content/plugins/ultimate-member/assets/libs/jquery-ui/images/ui-icons_ffffff_256x240.png]
[192.168.1.16/lab/wp-content/plugins/ultimate-member/assets/libs/jquery-ui/images/ui-icons_777620_256x240.png]
[192.168.1.16/lab/wp-content/plugins/ultimate-member/assets/libs/jquery-ui/images/ui-icons_cc0000_256x240.png]
[192.168.1.16/lab/wp-content/plugins/ultimate-member/assets/libs/jquery-ui/images/ui-icons_777777_256x240.png]
[192.168.1.16/lab/wp-content/plugins/ultimate-member/assets/libs/jquery-ui/jquery-ui.min3f14.css]
[192.168.1.16/lab/wp-content/plugins/ultimate-member/assets/libs/tipsy/tipsy.mina677.css]
[192.168.1.16/lab/wp-content/plugins/ultimate-member/assets/libs/raty/font/raty.eot]
[192.168.1.16/lab/wp-content/plugins/ultimate-member/assets/libs/raty/font/ratyd41d.eot]
[192.168.1.16/lab/wp-content/plugins/ultimate-member/assets/libs/raty/font/raty.ttf]
[192.168.1.16/lab/wp-content/plugins/ultimate-member/assets/libs/raty/font/raty.woff]
[192.168.1.16/lab/wp-content/plugins/ultimate-member/assets/libs/raty/um-raty.mind315.css]
[192.168.1.16/lab/wp-content/plugins/ultimate-member/assets/libs/select2/select2.min4819.css]
[192.168.1.16/lab/wp-content/plugins/ultimate-member/assets/css/um-fileupload.mind2b8.css]
[192.168.1.16/lab/wp-content/plugins/ultimate-member/assets/libs/um-confirm/um-confirm.min5152.css]
[192.168.1.16/lab/wp-content/plugins/ultimate-member/assets/libs/pickadate/default.min822f.css]
[192.168.1.16/lab/wp-content/plugins/ultimate-member/assets/libs/pickadate/default.date.min822f.css]
[192.168.1.16/lab/wp-content/plugins/ultimate-member/assets/libs/pickadate/default.time.min822f.css]
[192.168.1.16/lab/wp-content/plugins/ultimate-member/assets/libs/legacy/fonticons/font/ionicons28b5.eot]
[192.168.1.16/lab/wp-content/plugins/ultimate-member/assets/libs/legacy/fonticons/font/ionicons28b5.woff]
[192.168.1.16/lab/wp-content/plugins/ultimate-member/assets/libs/legacy/fonticons/font/ionicons28b5.ttf]
[192.168.1.16/lab/wp-content/plugins/ultimate-member/assets/libs/legacy/fonticons/fonticons-ii.mind2b8.css]
[192.168.1.16/lab/wp-content/plugins/ultimate-member/assets/libs/legacy/fonticons/font/fontawesome-webfont78ce.eot]
[192.168.1.16/lab/wp-content/plugins/ultimate-member/assets/libs/legacy/fonticons/font/fontawesome-webfont78ce.woff]
[192.168.1.16/lab/wp-content/plugins/ultimate-member/assets/libs/legacy/fonticons/font/fontawesome-webfont78ce.ttf]
[192.168.1.16/lab/wp-content/plugins/ultimate-member/assets/libs/legacy/fonticons/fonticons-fa.mind2b8.css]
[192.168.1.16/lab/wp-content/plugins/ultimate-member/assets/libs/fontawesome/webfonts/fa-brands-400.woff2]
[192.168.1.16/lab/wp-content/plugins/ultimate-member/assets/libs/fontawesome/webfonts/fa-brands-400.ttf]
[192.168.1.16/lab/wp-content/plugins/ultimate-member/assets/libs/fontawesome/webfonts/fa-regular-400.woff2]
[192.168.1.16/lab/wp-content/plugins/ultimate-member/assets/libs/fontawesome/webfonts/fa-regular-400.ttf]
[192.168.1.16/lab/wp-content/plugins/ultimate-member/assets/libs/fontawesome/webfonts/fa-solid-900.woff2]
[192.168.1.16/lab/wp-content/plugins/ultimate-member/assets/libs/fontawesome/webfonts/fa-solid-900.ttf]
[192.168.1.16/lab/wp-content/plugins/ultimate-member/assets/css/um-fontawesome.mine63c.css]
[192.168.1.16/lab/wp-content/plugins/ultimate-member/assets/css/common.mind2b8.css]
[192.168.1.16/lab/wp-content/plugins/ultimate-member/assets/css/um-responsive.mind2b8.css]
[192.168.1.16/lab/wp-content/plugins/ultimate-member/assets/css/um-styles.mind2b8.css]
[192.168.1.16/lab/wp-content/plugins/ultimate-member/assets/libs/cropper/cropper.min51a2.css]
[192.168.1.16/lab/wp-content/plugins/ultimate-member/assets/img/loading-dots.gif]
[192.168.1.16/lab/wp-content/plugins/ultimate-member/assets/css/um-profile.mind2b8.css]
[192.168.1.16/lab/wp-content/plugins/ultimate-member/assets/css/um-account.mind2b8.css]
[192.168.1.16/lab/wp-content/plugins/ultimate-member/assets/css/um-misc.mind2b8.css]
[192.168.1.16/lab/wp-content/plugins/ultimate-member/assets/css/um-old-default.mind2b8.css]
[192.168.1.16/lab/wp-content/plugins/ele-custom-skin/assets/css/ecs-style20f0.css]
[192.168.1.16/lab/wp-content/plugins/elementor/assets/lib/font-awesome/css/fontawesome.min52d5.css]
[192.168.1.16/lab/wp-content/plugins/elementor/assets/lib/font-awesome/css/solid.min52d5.css]
[192.168.1.16/lab/wp-admin/admin-ajax.html]
[192.168.1.16/lab/wp-content/uploads/2024/08/cropped-VACT-logo_white-32x32.html]
[192.168.1.16/lab/wp-content/uploads/2024/08/cropped-VACT-logo_white-192x192.html]
[192.168.1.16/lab/wp-content/uploads/2024/08/cropped-VACT-logo_white-180x180.html]
[192.168.1.16/lab/wp-includes/js/zxcvbn-async.min5152.js]
[192.168.1.16/lab/wp-admin/js/password-strength-meter.minb6a4.js]
[192.168.1.16/lab/wp-admin/js/user-profile.minb6a4.js]
[192.168.1.16/lab/wp-loginffb8.html]
[192.168.1.16/lab/wp-content/plugins/buddypress/bp-core/js/jquery-query.minaaa1.js]
[192.168.1.16/lab/indexb0bc.html]
[192.168.1.16/lab/wp-content/plugins/buddypress/bp-core/js/vendor/jquery-cookie.minaaa1.js]
[192.168.1.16/lab/wp-content/plugins/buddypress/bp-core/js/vendor/jquery-scroll-to.minaaa1.js]
[192.168.1.16/lab/index2489.html]
[192.168.1.16/lab/wp-includes/js/dist/vendor/moment.min1bc8.js]
[192.168.1.16/lab/wp-content/plugins/buddypress/bp-core/js/vendor/livestamp.minaaa1.js]
[192.168.1.16/lab/wp-content/plugins/buddypress/bp-templates/bp-nouveau/js/buddypress-nouveau.minaaa1.js]
[192.168.1.16/lab/wp-content/plugins/buddypress/bp-templates/bp-nouveau/js/buddypress-xprofile.minaaa1.js]
[192.168.1.16/lab/index429e.html]
[192.168.1.16/lab/wp-login8bc2.html]
[192.168.1.16/lab/indexf728.json]
[192.168.1.16/lab/index0999.json]
[192.168.1.16/lab/index63db.php]
[yulingyun.com/wp-content/uploads/2021/08/DataExploration.png]
[192.168.1.16/lab/wp-content/uploads/2024/08/MeTACAST.jpg-1024x575.png]
[yulingyun.com/wp-content/uploads/2021/08/PlotThread.png]
[192.168.1.16/lab/index8a21.html]
[192.168.1.16/lab/index511a.json]
[192.168.1.16/lab/index3496.json]
[192.168.1.16/lab/index5dbd.php]
[yulingyun.com/wp-content/uploads/2024/07/Wei_2024_EMD-1024x495.jpg]
[yulingyun.com/wp-content/uploads/2024/07/SpatialTouch_teaser-2-1024x634.jpg]
[192.168.1.16/lab/wp-content/plugins/jet-smart-filters/assets/lib/jet-plugins/jet-pluginsf488.js]
[192.168.1.16/lab/wp-includes/js/jquery/ui/datepicker.minb37e.js]
[192.168.1.16/lab/wp-content/plugins/jet-smart-filters/assets/js/public1aae.js]
[192.168.1.16/lab/indexe2d4.html]
[192.168.1.16/lab/indexc28a.json]
[192.168.1.16/lab/index1c2a.json]
[192.168.1.16/lab/indexd610.php]
[192.168.1.16/lab/index7d80.html]
[192.168.1.16/lab/index766d.json]
[192.168.1.16/lab/index93ac.json]
[192.168.1.16/lab/index2178.php]
[192.168.1.16/lab/index7e09.html]
[192.168.1.16/lab/indexa2f5.json]
[192.168.1.16/lab/indexdc75.json]
[192.168.1.16/lab/indexe68b.php]
[192.168.1.16/lab/wp-content/plugins/elementor/assets/images/placeholder.png]
[192.168.1.16/lab/index37cc.html]
[192.168.1.16/lab/index0766.json]
[192.168.1.16/lab/indexf5c8.json]
[192.168.1.16/lab/indexc998.php]
[192.168.1.16/lab/indexa476.html]
[192.168.1.16/lab/wp-content/plugins/elementor/assets/lib/eicons/fonts/eiconsc63f.svg]
[192.168.1.16/lab/wp-content/plugins/elementor/assets/lib/font-awesome/webfonts/fa-brands-400.svg]
[192.168.1.16/lab/wp-content/plugins/elementor/assets/lib/font-awesome/webfonts/fa-regular-400.svg]
[192.168.1.16/lab/wp-content/plugins/elementor/assets/lib/font-awesome/webfonts/fa-solid-900.svg]
[192.168.1.16/lab/wp-content/plugins/ultimate-member/assets/libs/raty/font/raty.svg]
[192.168.1.16/lab/wp-content/plugins/ultimate-member/assets/libs/legacy/fonticons/font/ionicons28b5.svg]
[192.168.1.16/lab/wp-content/plugins/ultimate-member/assets/libs/legacy/fonticons/font/fontawesome-webfont78ce.svg]
[192.168.1.16/lab/wp-includes/css/buttons.minb6a4.css]
[192.168.1.16/lab/wp-admin/images/loading.gif]
[192.168.1.16/lab/wp-admin/css/forms.minb6a4.css]
[192.168.1.16/lab/wp-admin/css/l10n.minb6a4.css]
[192.168.1.16/lab/wp-admin/images/w-logo-blue7a53.png]
[192.168.1.16/lab/wp-admin/css/login.minb6a4.css]
[192.168.1.16/lab/wp-content/uploads/2024/08/cropped-VACT-logo_white-270x270.html]
[192.168.1.16/lab/wp-loginc2b6.html]
[192.168.1.16/lab/wp-content/plugins/buddypress/bp-templates/bp-nouveau/css/bp-tooltips.minaaa1.css]
[192.168.1.16/lab/wp-content/plugins/buddypress/bp-templates/bp-nouveau/css/buddypress.minaaa1.css]
[192.168.1.16/lab/wp-content/plugins/buddypress/bp-templates/bp-nouveau/css/priority-nav.minaaa1.css]
[192.168.1.16/lab/wp-content/plugins/buddypress/bp-templates/bp-nouveau/css/twentytwentyfour.minaaa1.css]
[192.168.1.16/lab/index4d90.json]
[192.168.1.16/lab/index36ee.json]
[192.168.1.16/lab/indexda75.php]
[192.168.1.16/lab/wp-logind6e9.html]
[192.168.1.16/lab/wp-content/uploads/elementor/css/post-1264dac.css]
[192.168.1.16/lab/index4ab3.html]
[192.168.1.16/lab/wp-login04af.html]
[192.168.1.16/lab/wp-content/uploads/elementor/css/post-130fab9.css]
[192.168.1.16/lab/wp-content/uploads/elementor/css/post-11009ae4.css]
[192.168.1.16/lab/wp-content/uploads/elementor/css/post-4959ae4.css]
[192.168.1.16/lab/wp-content/uploads/elementor/css/post-5129ae4.css]
[192.168.1.16/lab/index8b4e.html]
[192.168.1.16/lab/wp-login88d5.html]
[raw.githubusercontent.com/VACTResearchLab/Publication-Teaser/master/DataCube.jpg]
[192.168.1.16/lab/indexe3d8.json]
[192.168.1.16/lab/index6633.json]
[192.168.1.16/lab/index279b.php]
[192.168.1.16/lab/wp-content/uploads/2024/08/3DStoryline.jpg]
[192.168.1.16/lab/index1059.html]
[192.168.1.16/lab/wp-content/plugins/jet-smart-filters/assets/css/public1aae.css]
[192.168.1.16/lab/wp-content/uploads/elementor/css/post-1284d71.css]
[192.168.1.16/lab/index913e.html]
[192.168.1.16/lab/wp-logindfbf.html]
[192.168.1.16/lab/wp-content/uploads/elementor/css/post-132287e.css]
[192.168.1.16/lab/index31a3.html]
[192.168.1.16/lab/wp-login3e65.html]
[192.168.1.16/lab/index96ce.json]
[192.168.1.16/lab/indexe81c.json]
[192.168.1.16/lab/indexffc7.php]
[192.168.1.16/lab/wp-content/uploads/ultimatemember/3/profile_photo-190x190477e.png]
[192.168.1.16/lab/wp-content/uploads/ultimatemember/3/cover_photo-300477e.png]
[192.168.1.16/lab/index5e40.html]
[192.168.1.16/lab/wp-content/uploads/ultimatemember/1/profile_photo-190x190477e.jpg]
[192.168.1.16/lab/index4ec6.html]
[192.168.1.16/lab/index8a5f.json]
[192.168.1.16/lab/indexe211.json]
[192.168.1.16/lab/index73e7.php]
[192.168.1.16/lab/index0afd.html]
[192.168.1.16/lab/wp-content/uploads/elementor/css/post-1349c5b.css]
[192.168.1.16/lab/index47f2.html]
[192.168.1.16/lab/wp-login787b.html]
[192.168.1.16/lab/indexbd47.html]
[192.168.1.16/lab/wp-login378c.html]
[192.168.1.16/lab/indexd277.json]
[192.168.1.16/lab/indexc500.json]
[192.168.1.16/lab/index9a9d.php]
[192.168.1.16/lab/indexb629.html]
[192.168.1.16/lab/index42eb.json]
[192.168.1.16/lab/index89b0.json]
[192.168.1.16/lab/index9e9d.php]
[192.168.1.16/lab/index110a.html]
[192.168.1.16/lab/wp-admin/images/wordpress-logo7d6b.svg]
[192.168.1.16/lab/wp-login.html]
[192.168.1.16/lab/wp-content/uploads/elementor/css/post-11384350.css]
[192.168.1.16/lab/wp-content/uploads/elementor/css/post-11249ae4.css]
[192.168.1.16/lab/indexd909.html]
[192.168.1.16/lab/wp-logine516.html]
[192.168.1.16/lab/index8d07.html]
[192.168.1.16/lab/wp-login8efe.html]
[192.168.1.16/lab/wp-login70b6.html]
[192.168.1.16/lab/wp-content/uploads/elementor/css/post-12077660.css]
[192.168.1.16/lab/indexa60b.html]
[192.168.1.16/lab/wp-login81c1.html]
[192.168.1.16/lab/indexd944.html]
[192.168.1.16/lab/wp-login97e7.html]
[192.168.1.16/lab/indexdf39.html]
[192.168.1.16/lab/wp-loginae6c.html]
[localhost/lab/wp-content/uploads/2024/08/user_white-1.png]
[localhost/lab/wp-content/uploads/2024/08/VACT_web-1024x207.png]
[localhost/lab/wp-content/uploads/2024/08/XJTLU-logo-raw.png]
[192.168.1.16/lab/index79ab.html]
